Runway Landing Scheduler v1.0
Enter ? to see the list of commands.
> + 3 18 1200
Successfully added Mar 18 12:00 to the schedule!
> + 3 18 1200
Couldn't add Mar 18 12:00 to the schedule!
> s 1
Mar 18 12:00
> 
Unknown command '
'
> + 3 18 1210
Couldn't add Mar 18 12:10 to the schedule!
> + 3 18 1211
Successfully added Mar 18 12:11 to the schedule!
> s 1
Mar 18 12:00
Mar 18 12:11
> 
Unknown command '
'
> + 3 19 1200
Successfully added Mar 19 12:00 to the schedule!
> + 3 20 1200
Successfully added Mar 20 12:00 to the schedule!
> s 1
Mar 18 12:00
Mar 18 12:11
Mar 19 12:00
Mar 20 12:00
> 
Unknown command '
'
> + 3 18 1430
Successfully added Mar 18 14:30 to the schedule!
> + 3 18 1431
Couldn't add Mar 18 14:31 to the schedule!
> + 3 18 1432
Couldn't add Mar 18 14:32 to the schedule!
> + 3 18 1433
Couldn't add Mar 18 14:33 to the schedule!
> + 3 18 1434
Couldn't add Mar 18 14:34 to the schedule!
> + 3 18 1435
Couldn't add Mar 18 14:35 to the schedule!
> + 3 18 1436
Couldn't add Mar 18 14:36 to the schedule!
> + 3 18 1437
Couldn't add Mar 18 14:37 to the schedule!
> + 3 18 1438
Couldn't add Mar 18 14:38 to the schedule!
> + 3 18 1439
Couldn't add Mar 18 14:39 to the schedule!
> + 3 18 1440
Couldn't add Mar 18 14:40 to the schedule!
> + 3 18 1441
Successfully added Mar 18 14:41 to the schedule!
> s 1
Mar 18 12:00
Mar 18 12:11
Mar 18 14:30
Mar 18 14:41
Mar 19 12:00
Mar 20 12:00
> 
Unknown command '
'
> + 0 0 0
Invalid time!
> + 1 1 1
Successfully added Jan 01 00:01 to the schedule!
> + 1 1 2000
Successfully added Jan 01 20:00 to the schedule!
> + 1 1 -2000
Invalid time!
> s 1
Jan 01 00:01
Jan 01 20:00
Mar 18 12:00
Mar 18 12:11
Mar 18 14:30
Mar 18 14:41
Mar 19 12:00
Mar 20 12:00
> 
Unknown command '
'
> + 3 18 2401
Invalid time!
> + 3 18 2400
Invalid time!
> s 1Jan 01 00:01
Jan 01 20:00
Mar 18 12:00
Mar 18 12:11
Mar 18 14:30
Mar 18 14:41
Mar 19 12:00
Mar 20 12:00
> 