Tree:
    0
   /
 -15
   \
   -13
   / \
  /   \
-14   -11
      / \
     /   \
   -12   -9
         / \
        /   \
      -10   -7
            / \
           /   \
          -8   -5
               / \
              /   \
             -6   -3
                  / \
                 /   \
                -4   -1
                     /
                    -2

#nodes = 16,  #leaves = 7
Infix  : -15 -14 -13 -12 -11 -10 -9 -8 -7 -6 -5 -4 -3 -2 -1 0 
Prefix : 0 -15 -13 -14 -11 -12 -9 -10 -7 -8 -5 -6 -3 -4 -1 -2 
Postfix: -14 -12 -10 -8 -6 -4 -2 -1 -3 -5 -7 -9 -11 -13 -15 0 
ByLevel: 0 -15 -13 -14 -11 -12 -9 -10 -7 -8 -5 -6 -3 -4 -1 -2 
