Enter the preorder traversal of the BST: Enter value of lower: Enter value of upper: BST before trimming values between 4 and 5:

      5
     / \
    /   \
   /     \
  2       8
 / \     / \
1   3   6   9
     \   \
      4   7

BST after trimming values between 4 and 5:
=== ignored by test >>>

      6
     / \
    /   \
   /     \
  2       9
 / \     /
1   3   6
         \
          7

<<< ignored by test ===

Inorder traversal of the BST: 1 2 3 6 6 7 9 
